10:14:25 **** Incremental Build of configuration Debug for project RCC ****
make -j8 all 
arm-none-eabi-size   RCC.elf 
   text	   data	    bss	    dec	    hex	filename
    836	      8	   1568	   2412	    96c	RCC.elf
Finished building: default.size.stdout
 
10:14:34 **** Incremental Build of configuration Debug for project RCC ****
make -j8 all 
arm-none-eabi-size   RCC.elf 
   text	   data	    bss	    dec	    hex	filename
    836	      8	   1568	   2412	    96c	RCC.elf
Finished building: default.size.stdout
 
