08:45:01 **** Incremental Build of configuration Debug for project SysTick ****
make -j8 all 
arm-none-eabi-size   SysTick.elf 
   text	   data	    bss	    dec	    hex	filename
   1584	      8	   1576	   3168	    c60	SysTick.elf
Finished building: default.size.stdout
 
08:45:07 **** Incremental Build of configuration Debug for project SysTick ****
make -j8 all 
arm-none-eabi-size   SysTick.elf 
   text	   data	    bss	    dec	    hex	filename
   1584	      8	   1576	   3168	    c60	SysTick.elf
Finished building: default.size.stdout
 
08:52:55 **** Incremental Build of configuration Debug for project AFIO ****
make -j8 all 
arm-none-eabi-size   AFIO.elf 
   text	   data	    bss	    dec	    hex	filename
    556	      8	   1568	   2132	    854	AFIO.elf
Finished building: default.size.stdout
 
08:52:55 **** Incremental Build of configuration Debug for project EXTI ****
make -j8 all 
arm-none-eabi-size   EXTI.elf 
   text	   data	    bss	    dec	    hex	filename
   1040	      8	   1632	   2680	    a78	EXTI.elf
Finished building: default.size.stdout
 
08:52:56 **** Incremental Build of configuration Debug for project GPIO ****
make -j8 all 
arm-none-eabi-size   GPIO.elf 
   text	   data	    bss	    dec	    hex	filename
    564	      8	   1568	   2140	    85c	GPIO.elf
Finished building: default.size.stdout
 
08:52:56 **** Incremental Build of configuration Debug for project NVIC ****
make -j8 all 
arm-none-eabi-size   NVIC.elf 
   text	   data	    bss	    dec	    hex	filename
    556	      8	   1568	   2132	    854	NVIC.elf
Finished building: default.size.stdout
 
08:52:56 **** Incremental Build of configuration Debug for project RCC ****
make -j8 all 
arm-none-eabi-size   RCC.elf 
   text	   data	    bss	    dec	    hex	filename
    788	      8	   1568	   2364	    93c	RCC.elf
Finished building: default.size.stdout
 
08:52:57 **** Incremental Build of configuration Debug for project SysTick ****
make -j8 all 
arm-none-eabi-gcc "../Src/main.c" -mcpu=cortex-m3 -std=gnu11 -g3 -DSTM32 -DSTM32F1 -DSTM32F103C8Tx -DDEBUG -c -I../Inc -O0 -ffunction-sections -fdata-sections -Wall -fstack-usage -MMD -MP -MF"Src/main.d" -MT"Src/main.o" --specs=nano.specs -mfloat-abi=soft -mthumb -o "Src/main.o"
arm-none-eabi-gcc -o "SysTick.elf" @"objects.list"   -mcpu=cortex-m3 -T"D:\EME_Embedded_EUI\STM_F103C8T6_projects\SysTick\STM32F103C8TX_FLASH.ld" --specs=nosys.specs -Wl,-Map="SysTick.map" -Wl,--gc-sections -static --specs=nano.specs -mfloat-abi=soft -mthumb -Wl,--start-group -lc -lm -Wl,--end-group
Finished building target: SysTick.elf
 
arm-none-eabi-objdump -h -S  SysTick.elf  > "SysTick.list"
arm-none-eabi-objcopy  -O binary  SysTick.elf  "SysTick.bin"
arm-none-eabi-size   SysTick.elf 
   text	   data	    bss	    dec	    hex	filename
   1584	      8	   1576	   3168	    c60	SysTick.elf
Finished building: default.size.stdout
Finished building: SysTick.list
Finished building: SysTick.bin
 
 
 
08:52:58 **** Incremental Build of configuration Debug for project SysTick ****
make -j8 all 
arm-none-eabi-size   SysTick.elf 
   text	   data	    bss	    dec	    hex	filename
   1584	      8	   1576	   3168	    c60	SysTick.elf
Finished building: default.size.stdout
 
08:53:37 **** Incremental Build of configuration Debug for project AFIO ****
make -j8 all 
arm-none-eabi-size   AFIO.elf 
   text	   data	    bss	    dec	    hex	filename
    556	      8	   1568	   2132	    854	AFIO.elf
Finished building: default.size.stdout
 
08:53:37 **** Incremental Build of configuration Debug for project EXTI ****
make -j8 all 
arm-none-eabi-size   EXTI.elf 
   text	   data	    bss	    dec	    hex	filename
   1040	      8	   1632	   2680	    a78	EXTI.elf
Finished building: default.size.stdout
 
08:53:38 **** Incremental Build of configuration Debug for project GPIO ****
make -j8 all 
arm-none-eabi-size   GPIO.elf 
   text	   data	    bss	    dec	    hex	filename
    564	      8	   1568	   2140	    85c	GPIO.elf
Finished building: default.size.stdout
 
08:53:38 **** Incremental Build of configuration Debug for project NVIC ****
make -j8 all 
arm-none-eabi-size   NVIC.elf 
   text	   data	    bss	    dec	    hex	filename
    556	      8	   1568	   2132	    854	NVIC.elf
Finished building: default.size.stdout
 
08:53:38 **** Incremental Build of configuration Debug for project RCC ****
make -j8 all 
arm-none-eabi-size   RCC.elf 
   text	   data	    bss	    dec	    hex	filename
    788	      8	   1568	   2364	    93c	RCC.elf
Finished building: default.size.stdout
 
08:53:39 **** Incremental Build of configuration Debug for project SysTick ****
make -j8 all 
arm-none-eabi-gcc "../Src/main.c" -mcpu=cortex-m3 -std=gnu11 -g3 -DSTM32 -DSTM32F1 -DSTM32F103C8Tx -DDEBUG -c -I../Inc -O0 -ffunction-sections -fdata-sections -Wall -fstack-usage -MMD -MP -MF"Src/main.d" -MT"Src/main.o" --specs=nano.specs -mfloat-abi=soft -mthumb -o "Src/main.o"
arm-none-eabi-gcc -o "SysTick.elf" @"objects.list"   -mcpu=cortex-m3 -T"D:\EME_Embedded_EUI\STM_F103C8T6_projects\SysTick\STM32F103C8TX_FLASH.ld" --specs=nosys.specs -Wl,-Map="SysTick.map" -Wl,--gc-sections -static --specs=nano.specs -mfloat-abi=soft -mthumb -Wl,--start-group -lc -lm -Wl,--end-group
Finished building target: SysTick.elf
 
arm-none-eabi-objdump -h -S  SysTick.elf  > "SysTick.list"
arm-none-eabi-objcopy  -O binary  SysTick.elf  "SysTick.bin"
arm-none-eabi-size   SysTick.elf 
   text	   data	    bss	    dec	    hex	filename
   1584	      8	   1576	   3168	    c60	SysTick.elf
Finished building: default.size.stdout
Finished building: SysTick.list
Finished building: SysTick.bin
 
 
 
08:53:40 **** Incremental Build of configuration Debug for project SysTick ****
make -j8 all 
arm-none-eabi-size   SysTick.elf 
   text	   data	    bss	    dec	    hex	filename
   1584	      8	   1576	   3168	    c60	SysTick.elf
Finished building: default.size.stdout
 
08:53:45 **** Incremental Build of configuration Debug for project AFIO ****
make -j8 all 
arm-none-eabi-size   AFIO.elf 
   text	   data	    bss	    dec	    hex	filename
    556	      8	   1568	   2132	    854	AFIO.elf
Finished building: default.size.stdout
 
08:53:45 **** Incremental Build of configuration Debug for project EXTI ****
make -j8 all 
arm-none-eabi-size   EXTI.elf 
   text	   data	    bss	    dec	    hex	filename
   1040	      8	   1632	   2680	    a78	EXTI.elf
Finished building: default.size.stdout
 
08:53:45 **** Incremental Build of configuration Debug for project GPIO ****
make -j8 all 
arm-none-eabi-size   GPIO.elf 
   text	   data	    bss	    dec	    hex	filename
    564	      8	   1568	   2140	    85c	GPIO.elf
Finished building: default.size.stdout
 
08:53:46 **** Incremental Build of configuration Debug for project NVIC ****
make -j8 all 
arm-none-eabi-size   NVIC.elf 
   text	   data	    bss	    dec	    hex	filename
    556	      8	   1568	   2132	    854	NVIC.elf
Finished building: default.size.stdout
 
08:53:46 **** Incremental Build of configuration Debug for project RCC ****
make -j8 all 
arm-none-eabi-size   RCC.elf 
   text	   data	    bss	    dec	    hex	filename
    788	      8	   1568	   2364	    93c	RCC.elf
Finished building: default.size.stdout
 
08:53:46 **** Incremental Build of configuration Debug for project SysTick ****
make -j8 all 
arm-none-eabi-size   SysTick.elf 
   text	   data	    bss	    dec	    hex	filename
   1584	      8	   1576	   3168	    c60	SysTick.elf
Finished building: default.size.stdout
 
08:53:49 **** Incremental Build of configuration Debug for project SysTick ****
make -j8 all 
arm-none-eabi-size   SysTick.elf 
   text	   data	    bss	    dec	    hex	filename
   1584	      8	   1576	   3168	    c60	SysTick.elf
Finished building: default.size.stdout
 
08:56:08 **** Incremental Build of configuration Debug for project AFIO ****
make -j8 all 
arm-none-eabi-size   AFIO.elf 
   text	   data	    bss	    dec	    hex	filename
    556	      8	   1568	   2132	    854	AFIO.elf
Finished building: default.size.stdout
 
08:56:09 **** Incremental Build of configuration Debug for project EXTI ****
make -j8 all 
arm-none-eabi-size   EXTI.elf 
   text	   data	    bss	    dec	    hex	filename
   1040	      8	   1632	   2680	    a78	EXTI.elf
Finished building: default.size.stdout
 
08:56:09 **** Incremental Build of configuration Debug for project GPIO ****
make -j8 all 
arm-none-eabi-size   GPIO.elf 
   text	   data	    bss	    dec	    hex	filename
    564	      8	   1568	   2140	    85c	GPIO.elf
Finished building: default.size.stdout
 
08:56:09 **** Incremental Build of configuration Debug for project NVIC ****
make -j8 all 
arm-none-eabi-size   NVIC.elf 
   text	   data	    bss	    dec	    hex	filename
    556	      8	   1568	   2132	    854	NVIC.elf
Finished building: default.size.stdout
 
08:56:09 **** Incremental Build of configuration Debug for project RCC ****
make -j8 all 
arm-none-eabi-size   RCC.elf 
   text	   data	    bss	    dec	    hex	filename
    788	      8	   1568	   2364	    93c	RCC.elf
Finished building: default.size.stdout
 
08:56:10 **** Incremental Build of configuration Debug for project SysTick ****
make -j8 all 
arm-none-eabi-gcc "../Src/SysTick_program.c" -mcpu=cortex-m3 -std=gnu11 -g3 -DSTM32 -DSTM32F1 -DSTM32F103C8Tx -DDEBUG -c -I../Inc -O0 -ffunction-sections -fdata-sections -Wall -fstack-usage -MMD -MP -MF"Src/SysTick_program.d" -MT"Src/SysTick_program.o" --specs=nano.specs -mfloat-abi=soft -mthumb -o "Src/SysTick_program.o"
arm-none-eabi-gcc "../Src/main.c" -mcpu=cortex-m3 -std=gnu11 -g3 -DSTM32 -DSTM32F1 -DSTM32F103C8Tx -DDEBUG -c -I../Inc -O0 -ffunction-sections -fdata-sections -Wall -fstack-usage -MMD -MP -MF"Src/main.d" -MT"Src/main.o" --specs=nano.specs -mfloat-abi=soft -mthumb -o "Src/main.o"
../Src/main.c:21:10: fatal error: RCC_interface.h: No such file or directory
 #include "RCC_interface.h"
          ^~~~~~~~~~~~~~~~~
compilation terminated.
../Src/SysTick_program.c: In function 'SysTick_Handler':
../Src/SysTick_program.c:116:8: warning: variable 'Local_u8TempFlagRead' set but not used [-Wunused-but-set-variable]
  uint8 Local_u8TempFlagRead = 0;
        ^~~~~~~~~~~~~~~~~~~~
make: *** [Src/subdir.mk:29: Src/main.o] Error 1
make: *** Waiting for unfinished jobs....
"make -j8 all" terminated with exit code 2. Build might be incomplete.
08:57:23 **** Incremental Build of configuration Debug for project AFIO ****
make -j8 all 
arm-none-eabi-size   AFIO.elf 
   text	   data	    bss	    dec	    hex	filename
    556	      8	   1568	   2132	    854	AFIO.elf
Finished building: default.size.stdout
 
08:57:23 **** Incremental Build of configuration Debug for project EXTI ****
make -j8 all 
arm-none-eabi-size   EXTI.elf 
   text	   data	    bss	    dec	    hex	filename
   1040	      8	   1632	   2680	    a78	EXTI.elf
Finished building: default.size.stdout
 
08:57:23 **** Incremental Build of configuration Debug for project GPIO ****
make -j8 all 
arm-none-eabi-size   GPIO.elf 
   text	   data	    bss	    dec	    hex	filename
    564	      8	   1568	   2140	    85c	GPIO.elf
Finished building: default.size.stdout
 
08:57:24 **** Incremental Build of configuration Debug for project NVIC ****
make -j8 all 
arm-none-eabi-size   NVIC.elf 
   text	   data	    bss	    dec	    hex	filename
    556	      8	   1568	   2132	    854	NVIC.elf
Finished building: default.size.stdout
 
08:57:24 **** Incremental Build of configuration Debug for project RCC ****
make -j8 all 
arm-none-eabi-size   RCC.elf 
   text	   data	    bss	    dec	    hex	filename
    788	      8	   1568	   2364	    93c	RCC.elf
Finished building: default.size.stdout
 
08:57:24 **** Incremental Build of configuration Debug for project SysTick ****
make -j8 all 
arm-none-eabi-gcc "../Src/main.c" -mcpu=cortex-m3 -std=gnu11 -g3 -DSTM32 -DSTM32F1 -DSTM32F103C8Tx -DDEBUG -c -I../Inc -O0 -ffunction-sections -fdata-sections -Wall -fstack-usage -MMD -MP -MF"Src/main.d" -MT"Src/main.o" --specs=nano.specs -mfloat-abi=soft -mthumb -o "Src/main.o"
arm-none-eabi-gcc -o "SysTick.elf" @"objects.list"   -mcpu=cortex-m3 -T"D:\EME_Embedded_EUI\STM_F103C8T6_projects\SysTick\STM32F103C8TX_FLASH.ld" --specs=nosys.specs -Wl,-Map="SysTick.map" -Wl,--gc-sections -static --specs=nano.specs -mfloat-abi=soft -mthumb -Wl,--start-group -lc -lm -Wl,--end-group
Finished building target: SysTick.elf
 
arm-none-eabi-objdump -h -S  SysTick.elf  > "SysTick.list"
arm-none-eabi-objcopy  -O binary  SysTick.elf  "SysTick.bin"
arm-none-eabi-size   SysTick.elf 
   text	   data	    bss	    dec	    hex	filename
    680	      8	   1576	   2264	    8d8	SysTick.elf
Finished building: default.size.stdout
Finished building: SysTick.list
Finished building: SysTick.bin
 
 
 
