16:30:21 **** Incremental Build of configuration Debug for project AFIO ****
make -j8 all 
arm-none-eabi-gcc "../Src/AFIO_program.c" -mcpu=cortex-m3 -std=gnu11 -g3 -DSTM32 -DSTM32F1 -DSTM32F103C8Tx -DDEBUG -c -I../Inc -O0 -ffunction-sections -fdata-sections -Wall -fstack-usage -MMD -MP -MF"Src/AFIO_program.d" -MT"Src/AFIO_program.o" --specs=nano.specs -mfloat-abi=soft -mthumb -o "Src/AFIO_program.o"
arm-none-eabi-gcc -o "AFIO.elf" @"objects.list"   -mcpu=cortex-m3 -T"D:\EME_Embedded_EUI\STM_F103C8T6_projects\AFIO\STM32F103C8TX_FLASH.ld" --specs=nosys.specs -Wl,-Map="AFIO.map" -Wl,--gc-sections -static --specs=nano.specs -mfloat-abi=soft -mthumb -Wl,--start-group -lc -lm -Wl,--end-group
Finished building target: AFIO.elf
 
arm-none-eabi-objdump -h -S  AFIO.elf  > "AFIO.list"
arm-none-eabi-objcopy  -O binary  AFIO.elf  "AFIO.bin"
arm-none-eabi-size   AFIO.elf 
   text	   data	    bss	    dec	    hex	filename
    556	      8	   1568	   2132	    854	AFIO.elf
Finished building: default.size.stdout
Finished building: AFIO.list
Finished building: AFIO.bin
 
 
 
16:30:24 **** Incremental Build of configuration Debug for project AFIO ****
make -j8 all 
arm-none-eabi-size   AFIO.elf 
   text	   data	    bss	    dec	    hex	filename
    556	      8	   1568	   2132	    854	AFIO.elf
Finished building: default.size.stdout
 
16:30:24 **** Incremental Build of configuration Debug for project EXTI ****
make -j8 all 
arm-none-eabi-size   EXTI.elf 
   text	   data	    bss	    dec	    hex	filename
    600	      8	   1632	   2240	    8c0	EXTI.elf
Finished building: default.size.stdout
 
16:30:25 **** Incremental Build of configuration Debug for project GPIO ****
make -j8 all 
arm-none-eabi-size   GPIO.elf 
   text	   data	    bss	    dec	    hex	filename
   1332	      8	   1568	   2908	    b5c	GPIO.elf
Finished building: default.size.stdout
 
16:30:25 **** Incremental Build of configuration Debug for project NVIC ****
make -j8 all 
arm-none-eabi-size   NVIC.elf 
   text	   data	    bss	    dec	    hex	filename
    556	      8	   1568	   2132	    854	NVIC.elf
Finished building: default.size.stdout
 
16:30:25 **** Incremental Build of configuration Debug for project RCC ****
make -j8 all 
arm-none-eabi-size   RCC.elf 
   text	   data	    bss	    dec	    hex	filename
    788	      8	   1568	   2364	    93c	RCC.elf
Finished building: default.size.stdout
 
15:42:38 **** Incremental Build of configuration Debug for project AFIO ****
make -j8 all 
arm-none-eabi-size   AFIO.elf 
   text	   data	    bss	    dec	    hex	filename
    556	      8	   1568	   2132	    854	AFIO.elf
Finished building: default.size.stdout
 
15:42:39 **** Incremental Build of configuration Debug for project EXTI ****
make -j8 all 
arm-none-eabi-gcc "../Src/EXTI_program.c" -mcpu=cortex-m3 -std=gnu11 -g3 -DSTM32 -DSTM32F1 -DSTM32F103C8Tx -DDEBUG -c -I../Inc -O0 -ffunction-sections -fdata-sections -Wall -fstack-usage -MMD -MP -MF"Src/EXTI_program.d" -MT"Src/EXTI_program.o" --specs=nano.specs -mfloat-abi=soft -mthumb -o "Src/EXTI_program.o"
arm-none-eabi-gcc -o "EXTI.elf" @"objects.list"   -mcpu=cortex-m3 -T"D:\EME_Embedded_EUI\STM_F103C8T6_projects\EXTI\STM32F103C8TX_FLASH.ld" --specs=nosys.specs -Wl,-Map="EXTI.map" -Wl,--gc-sections -static --specs=nano.specs -mfloat-abi=soft -mthumb -Wl,--start-group -lc -lm -Wl,--end-group
Finished building target: EXTI.elf
 
arm-none-eabi-objdump -h -S  EXTI.elf  > "EXTI.list"
arm-none-eabi-objcopy  -O binary  EXTI.elf  "EXTI.bin"
arm-none-eabi-size   EXTI.elf 
   text	   data	    bss	    dec	    hex	filename
   1040	      8	   1632	   2680	    a78	EXTI.elf
Finished building: default.size.stdout
Finished building: EXTI.list
Finished building: EXTI.bin
 
 
 
15:42:40 **** Incremental Build of configuration Debug for project GPIO ****
make -j8 all 
arm-none-eabi-gcc "../Src/main.c" -mcpu=cortex-m3 -std=gnu11 -g3 -DDEBUG -DSTM32 -DSTM32F1 -DSTM32F103C8Tx -c -I../Inc -O0 -ffunction-sections -fdata-sections -Wall -fstack-usage -MMD -MP -MF"Src/main.d" -MT"Src/main.o" --specs=nano.specs -mfloat-abi=soft -mthumb -o "Src/main.o"
arm-none-eabi-gcc -o "GPIO.elf" @"objects.list"   -mcpu=cortex-m3 -T"D:\EME_Embedded_EUI\STM_F103C8T6_projects\GPIO\STM32F103C8TX_FLASH.ld" --specs=nosys.specs -Wl,-Map="GPIO.map" -Wl,--gc-sections -static --specs=nano.specs -mfloat-abi=soft -mthumb -Wl,--start-group -lc -lm -Wl,--end-group
Finished building target: GPIO.elf
 
arm-none-eabi-objdump -h -S  GPIO.elf  > "GPIO.list"
arm-none-eabi-objcopy  -O ihex  GPIO.elf  "GPIO.hex"
arm-none-eabi-objcopy  -O binary  GPIO.elf  "GPIO.bin"
arm-none-eabi-size   GPIO.elf 
   text	   data	    bss	    dec	    hex	filename
    564	      8	   1568	   2140	    85c	GPIO.elf
Finished building: default.size.stdout
Finished building: GPIO.list
Finished building: GPIO.hex
Finished building: GPIO.bin
 
 
 
 
15:42:40 **** Incremental Build of configuration Debug for project NVIC ****
make -j8 all 
arm-none-eabi-size   NVIC.elf 
   text	   data	    bss	    dec	    hex	filename
    556	      8	   1568	   2132	    854	NVIC.elf
Finished building: default.size.stdout
 
15:42:41 **** Incremental Build of configuration Debug for project RCC ****
make -j8 all 
arm-none-eabi-size   RCC.elf 
   text	   data	    bss	    dec	    hex	filename
    788	      8	   1568	   2364	    93c	RCC.elf
Finished building: default.size.stdout
 
