22:47:16 **** Incremental Build of configuration Debug for project EXTI ****
make -j8 all 
arm-none-eabi-gcc "../Src/EXTI_program.c" -mcpu=cortex-m3 -std=gnu11 -g3 -DSTM32 -DSTM32F1 -DSTM32F103C8Tx -DDEBUG -c -I../Inc -O0 -ffunction-sections -fdata-sections -Wall -fstack-usage -MMD -MP -MF"Src/EXTI_program.d" -MT"Src/EXTI_program.o" --specs=nano.specs -mfloat-abi=soft -mthumb -o "Src/EXTI_program.o"
arm-none-eabi-gcc -o "EXTI.elf" @"objects.list"   -mcpu=cortex-m3 -T"D:\EME_Embedded_EUI\STM_F103C8T6_projects\EXTI\STM32F103C8TX_FLASH.ld" --specs=nosys.specs -Wl,-Map="EXTI.map" -Wl,--gc-sections -static --specs=nano.specs -mfloat-abi=soft -mthumb -Wl,--start-group -lc -lm -Wl,--end-group
Finished building target: EXTI.elf
 
arm-none-eabi-size   EXTI.elf 
arm-none-eabi-objdump -h -S  EXTI.elf  > "EXTI.list"
arm-none-eabi-objcopy  -O binary  EXTI.elf  "EXTI.bin"
   text	   data	    bss	    dec	    hex	filename
    600	      8	   1632	   2240	    8c0	EXTI.elf
Finished building: default.size.stdout
 
Finished building: EXTI.list
Finished building: EXTI.bin
 
 
