08:57:24 **** Incremental Build of configuration Debug for project SysTick ****
make -j8 all 
arm-none-eabi-gcc "../Src/main.c" -mcpu=cortex-m3 -std=gnu11 -g3 -DSTM32 -DSTM32F1 -DSTM32F103C8Tx -DDEBUG -c -I../Inc -O0 -ffunction-sections -fdata-sections -Wall -fstack-usage -MMD -MP -MF"Src/main.d" -MT"Src/main.o" --specs=nano.specs -mfloat-abi=soft -mthumb -o "Src/main.o"
arm-none-eabi-gcc -o "SysTick.elf" @"objects.list"   -mcpu=cortex-m3 -T"D:\EME_Embedded_EUI\STM_F103C8T6_projects\SysTick\STM32F103C8TX_FLASH.ld" --specs=nosys.specs -Wl,-Map="SysTick.map" -Wl,--gc-sections -static --specs=nano.specs -mfloat-abi=soft -mthumb -Wl,--start-group -lc -lm -Wl,--end-group
Finished building target: SysTick.elf
 
arm-none-eabi-objdump -h -S  SysTick.elf  > "SysTick.list"
arm-none-eabi-objcopy  -O binary  SysTick.elf  "SysTick.bin"
arm-none-eabi-size   SysTick.elf 
   text	   data	    bss	    dec	    hex	filename
    680	      8	   1576	   2264	    8d8	SysTick.elf
Finished building: default.size.stdout
Finished building: SysTick.list
Finished building: SysTick.bin
 
 
 

08:57:25 Build Finished. 0 errors, 0 warnings. (took 579ms)

